// Jest Snapshot v1, https://goo.gl/fbAQLP

exports[`Header should render correctly without props 1`] = `
<header
  className="Header"
>
  <h1
    style={
      Object {
        "margin": 0,
      }
    }
  >
    <a
      href="/"
      style={
        Object {
          "color": "white",
          "textDecoration": "none",
        }
      }
    >
      <img
        alt="eurosport"
        className="Header__logo"
        src="https://zephyr-ui.eurosport.com/1.56.0/e6cae33e67433ad1dfcd8af34364b8fc.svg"
      />
    </a>
  </h1>
</header>
`;
